emptied ~/.cache/eco-build
## build demo --root <eco>/build/tools/../.work/snap0 --official
eco build demo (dev -O1, official bend, load 3.00)
  bend -> C      23.98 s  peak 1.34 GiB, 7.9 MB of C
  split           0.24 s  17 units
  clang          16.47 s  17 of 17 units compiled (-O1, up to 16 at once), peak 1.46 GiB
  link            0.09 s  
  total          40.83 s  peak 1.46 GiB -> Chromi/build/eco
## build demo --root <eco>/build/tools/../.work/snap0 --official
eco build demo (dev -O1, official bend, load 5.01)
  bend -> C      23.99 s  peak 1.40 GiB, 7.9 MB of C
  split           0.21 s  17 units
  clang           0.00 s  0 of 17 units compiled (-O1, up to 16 at once), peak 0.06 GiB
  link            0.08 s  
  total          24.32 s  peak 1.40 GiB -> Chromi/build/eco
## build demo --root <eco>/build/tools/../.work/snap1 --official
eco build demo (dev -O1, official bend, load 4.75)
  bend -> C      23.22 s  peak 1.34 GiB, 7.9 MB of C
  split           0.21 s  17 units
  clang           7.92 s  1 of 17 units compiled (-O1, up to 16 at once), peak 0.31 GiB
  link            0.08 s  
  total          31.48 s  peak 1.34 GiB -> Chromi/build/eco
## build demo --root <eco>/build/tools/../.work/snap2 --official
eco build demo (dev -O1, official bend, load 4.11)
SOME PROOFS FAIL
Error:
- expected : pressed
- observed : pressed (consumed more than once)
Context:
- x       : F32
- y       : F32
- w       : F32
- h       : F32
- label   : String
- enabled : Bool
- hovered : Bool
Location: button_rect
53 | 
54>| def button_rect(+rect: G.Rect, label: String, +enabled: Bool, hovered: Bool, pressed: Bool, focused: Bool, mw: F32, mh: F32, ascent: F32, size: F32, colors: Theme) -> +List<Primitive>:
   |                                                                              ^^^^^^^
55 |   G.Rect{x, y, +w, +h} = rect
eco: bend failed on examples/eco/main.bend (exit 1)
round exit 1
## build demo --root <eco>/build/.work/snap2 --official
eco build demo (dev -O1, official bend, load 2.94)
  bend -> C      23.01 s  peak 1.33 GiB, 7.9 MB of C
  split           0.21 s  17 units
  clang          15.50 s  17 of 17 units compiled (-O1, up to 16 at once), peak 1.46 GiB
  link            0.07 s  
  total          38.87 s  peak 1.46 GiB -> Chromi/build/eco
emptied ~/.cache/eco-build
## build demo --root <eco>/build/.work/snap0
eco: waited 9.3 s for the build lock
eco build demo (dev -O1, fork, flat-max 32, load 4.31)
  fork -> C       7.82 s  peak 1.21 GiB, 6.0 MB of C
  split           0.17 s  17 units
  clang           6.72 s  17 of 17 units compiled (-O1, up to 16 at once), peak 1.07 GiB
  link            0.08 s  
  total          14.83 s  peak 1.21 GiB -> Chromi/build/eco
## build demo --root <eco>/build/.work/snap0
eco: waited 6.6 s for the build lock
eco build demo (dev -O1, fork, flat-max 32, load 5.02)
  fork -> C       8.28 s  peak 1.25 GiB, 6.0 MB of C
  split           0.17 s  17 units
  clang           0.00 s  0 of 17 units compiled (-O1, up to 16 at once), peak 0.05 GiB
  link            0.08 s  
  total           8.57 s  peak 1.25 GiB -> Chromi/build/eco
## build demo --root <eco>/build/.work/snap1
eco: waited 12.8 s for the build lock
eco build demo (dev -O1, fork, flat-max 32, load 4.98)
  fork -> C       8.36 s  peak 1.18 GiB, 6.0 MB of C
  split           0.16 s  17 units
  clang           1.84 s  1 of 17 units compiled (-O1, up to 16 at once), peak 0.22 GiB
  link            0.09 s  
  total          10.49 s  peak 1.18 GiB -> Chromi/build/eco
## build demo --root <eco>/build/.work/snap2
eco build demo (dev -O1, fork, flat-max 32, load 4.60)
  fork -> C       8.23 s  peak 1.19 GiB, 6.0 MB of C
  split           0.16 s  17 units
  clang           7.01 s  17 of 17 units compiled (-O1, up to 16 at once), peak 1.06 GiB
  link            0.08 s  
  total          15.57 s  peak 1.19 GiB -> Chromi/build/eco
## build demo --root <eco>/build/.work/snap0 --release
eco: waited 1199.4 s for the build lock
eco build demo (release, official bend, load 4.05)
  bend -> C      26.45 s  peak 1.73 GiB, 7.9 MB of C
  clang -O3      66.45 s  one unit, peak 1.51 GiB
  total          92.90 s  peak 1.73 GiB -> Chromi/build/eco
emptied ~/.cache/eco-build
## test runika-tests --root <eco>/build/.work/snap0 --official
eco: waited 29.9 s for the build lock
eco build runika-tests (dev -O1, official bend, load 4.46)
  bend -> C       1.01 s  peak 0.20 GiB, 1.2 MB of C
  split           0.15 s  18 units, stable names
  clang           1.89 s  18 of 18 units compiled (-O1, up to 16 at once), peak 0.92 GiB
  link            0.08 s  
  total           3.16 s  peak 0.92 GiB -> Runika/build/tests
  | PASS non-BMP format4 unsupported
  | PASS surrogate scalar rejected
  | Runika tests complete
  run exit 0 in 0.06 s
## test runika-tests --root <eco>/build/.work/snap0 --official
eco build runika-tests (dev -O1, official bend, load 4.46)
  bend -> C       1.00 s  peak 0.17 GiB, 1.2 MB of C
  split           0.16 s  18 units, stable names
  clang           2.13 s  16 of 18 units compiled (-O1, up to 16 at once), peak 0.92 GiB
  link            0.05 s  
  total           3.37 s  peak 0.92 GiB -> Runika/build/tests
  | PASS non-BMP format4 unsupported
  | PASS surrogate scalar rejected
  | Runika tests complete
  run exit 0 in 0.05 s
## test chromi-tests --root <eco>/build/.work/snap0 --official
eco build chromi-tests (dev -O1, official bend, load 5.07)
  bend -> C       1.13 s  peak 0.23 GiB, 0.9 MB of C
  split           0.13 s  18 units, stable names
Traceback (most recent call last):
  File "<eco>/build/eco", line 9, in <module>
    main()
    ~~~~^^
  File "<eco>/build/ecobuild/cli.py", line 370, in main
    res = build(t, args, sampler)
  File "<eco>/build/ecobuild/cli.py", line 271, in build
    objs = clang_units(units, args, work, rep, sampler,
                       pie=fids is None)
  File "<eco>/build/ecobuild/cli.py", line 204, in clang_units
    os.replace(tmp, obj)
    ~~~~~~~~~~^^^^^^^^^^
FileNotFoundError: [Errno 2] No such file or directory: '~/.cache/eco-build/objs/e6fd8636eaae42c7c565acea41d9c170.o.3598961.tmp' -> '~/.cache/eco-build/objs/e6fd8636eaae42c7c565acea41d9c170.o'
round exit 1
